I'm sorry, but errors were detected in your script. Please correct the
errors listed below, and try again.


File "game/script.rpy", line 81: Line is indented, but the preceding scene statement statement does not expect a block. Please check this line's indentation. You may have forgotten a colon (:).
    play music "audio/man down.mp3" fadein 3.0
    ^

Ren'Py Version: Ren'Py 8.3.7.25031702
Sat Feb 14 12:16:32 2026
